▲ Next.js 16.3.0 (Turbopack)
- Local:         http://localhost:3000
- Network:       http://192.168.1.182:3000
- Environments: .env.local
✓ Ready in 917ms
✓ Running next.config.mjs took 40ms

○ Compiling / ...
 HEAD / 200 in 14.1s (next.js: 4.4s, proxy.ts: 379ms, application-code: 9.3s)
 HEAD / 200 in 13.7s (next.js: 4.3s, proxy.ts: 64ms, application-code: 9.3s)
 HEAD / 200 in 14.1s (next.js: 4.6s, proxy.ts: 220ms, application-code: 9.3s)
 HEAD / 200 in 14.1s (next.js: 4.5s, proxy.ts: 381ms, application-code: 9.3s)
 HEAD / 200 in 14.1s (next.js: 4.6s, proxy.ts: 248ms, application-code: 9.2s)
 HEAD / 200 in 14.1s (next.js: 4.6s, proxy.ts: 235ms, application-code: 9.2s)
 HEAD / 200 in 14.1s (next.js: 4.6s, proxy.ts: 237ms, application-code: 9.2s)
 HEAD / 200 in 14.1s (next.js: 4.6s, proxy.ts: 249ms, application-code: 9.2s)
 HEAD / 200 in 14.1s (next.js: 4.7s, proxy.ts: 243ms, application-code: 9.2s)
 HEAD / 200 in 14.1s (next.js: 4.7s, proxy.ts: 251ms, application-code: 9.2s)
 HEAD / 200 in 14.1s (next.js: 4.7s, proxy.ts: 253ms, application-code: 9.2s)
 HEAD / 200 in 10.7s (next.js: 1552ms, proxy.ts: 11ms, application-code: 9.2s)
 HEAD / 200 in 14.1s (next.js: 4.7s, proxy.ts: 255ms, application-code: 9.2s)
 HEAD / 200 in 14.1s (next.js: 4.7s, proxy.ts: 240ms, application-code: 9.1s)
 HEAD / 200 in 14.1s (next.js: 4.7s, proxy.ts: 258ms, application-code: 9.1s)
 HEAD / 200 in 10.7s (next.js: 1595ms, proxy.ts: 10ms, application-code: 9.1s)
 HEAD / 200 in 14.1s (next.js: 4.8s, proxy.ts: 261ms, application-code: 9.1s)
 HEAD / 200 in 14.1s (next.js: 4.8s, proxy.ts: 246ms, application-code: 9.1s)
 HEAD / 200 in 14.1s (next.js: 4.8s, proxy.ts: 262ms, application-code: 9.1s)
 HEAD / 200 in 14.1s (next.js: 4.7s, proxy.ts: 381ms, application-code: 9.1s)
 HEAD / 200 in 14.1s (next.js: 4.8s, proxy.ts: 264ms, application-code: 9.1s)
 HEAD / 200 in 14.2s (next.js: 4.8s, proxy.ts: 271ms, application-code: 9.1s)
 HEAD / 200 in 14.2s (next.js: 4.8s, proxy.ts: 273ms, application-code: 9.1s)
 HEAD / 200 in 14.2s (next.js: 4.8s, proxy.ts: 277ms, application-code: 9.0s)
 HEAD / 200 in 14.2s (next.js: 4.9s, proxy.ts: 279ms, application-code: 9.0s)
 HEAD / 200 in 14.2s (next.js: 4.9s, proxy.ts: 281ms, application-code: 9.0s)
 HEAD / 200 in 10.7s (next.js: 1636ms, proxy.ts: 11ms, application-code: 9.0s)
 HEAD / 200 in 14.2s (next.js: 4.8s, proxy.ts: 412ms, application-code: 9.0s)
 HEAD / 200 in 14.2s (next.js: 4.8s, proxy.ts: 383ms, application-code: 9.0s)
 HEAD / 200 in 14.2s (next.js: 4.8s, proxy.ts: 385ms, application-code: 9.0s)
 HEAD / 200 in 14.2s (next.js: 4.8s, proxy.ts: 387ms, application-code: 9.0s)
 HEAD / 200 in 14.2s (next.js: 4.8s, proxy.ts: 389ms, application-code: 9.0s)
 HEAD / 200 in 14.2s (next.js: 4.8s, proxy.ts: 391ms, application-code: 8.9s)
 HEAD / 200 in 14.2s (next.js: 4.9s, proxy.ts: 393ms, application-code: 8.9s)
 HEAD / 200 in 14.2s (next.js: 4.9s, proxy.ts: 394ms, application-code: 8.9s)
 HEAD / 200 in 14.2s (next.js: 4.9s, proxy.ts: 395ms, application-code: 8.9s)
 HEAD / 200 in 14.2s (next.js: 4.9s, proxy.ts: 397ms, application-code: 8.9s)
 HEAD / 200 in 14.2s (next.js: 4.9s, proxy.ts: 398ms, application-code: 8.9s)
 HEAD / 200 in 14.2s (next.js: 4.9s, proxy.ts: 400ms, application-code: 8.9s)
 HEAD / 200 in 14.2s (next.js: 4.9s, proxy.ts: 402ms, application-code: 8.9s)
 HEAD / 200 in 14.2s (next.js: 4.9s, proxy.ts: 405ms, application-code: 8.9s)
 HEAD / 200 in 14.2s (next.js: 4.9s, proxy.ts: 408ms, application-code: 8.8s)
 HEAD / 200 in 14.2s (next.js: 4.9s, proxy.ts: 409ms, application-code: 8.8s)
 HEAD / 200 in 14.2s (next.js: 5.0s, proxy.ts: 410ms, application-code: 8.8s)
 HEAD / 200 in 14.2s (next.js: 5.0s, proxy.ts: 411ms, application-code: 8.8s)
 HEAD / 200 in 14.2s (next.js: 5.0s, proxy.ts: 413ms, application-code: 8.8s)
 HEAD / 200 in 13.0s (next.js: 4.2s, proxy.ts: 9ms, application-code: 8.8s)
 HEAD / 200 in 13.8s (next.js: 4.9s, proxy.ts: 67ms, application-code: 8.8s)
 HEAD / 200 in 13.8s (next.js: 4.9s, proxy.ts: 71ms, application-code: 8.8s)
 HEAD / 200 in 13.8s (next.js: 4.9s, proxy.ts: 70ms, application-code: 8.8s)
 HEAD / 200 in 13.8s (next.js: 4.9s, proxy.ts: 69ms, application-code: 8.8s)
 HEAD / 200 in 13.8s (next.js: 4.9s, proxy.ts: 74ms, application-code: 8.7s)
 HEAD / 200 in 13.8s (next.js: 5.0s, proxy.ts: 72ms, application-code: 8.7s)
 HEAD / 200 in 13.8s (next.js: 5.0s, proxy.ts: 73ms, application-code: 8.7s)
 HEAD / 200 in 13.6s (next.js: 4.9s, proxy.ts: 3ms, application-code: 8.7s)
 HEAD / 200 in 13.6s (next.js: 4.9s, proxy.ts: 4ms, application-code: 8.7s)
 HEAD / 200 in 13.5s (next.js: 4.8s, proxy.ts: 5ms, application-code: 8.7s)
 HEAD / 200 in 13.5s (next.js: 4.8s, proxy.ts: 6ms, application-code: 8.7s)
 HEAD / 200 in 13.4s (next.js: 4.7s, proxy.ts: 9ms, application-code: 8.7s)
 HEAD / 200 in 13.4s (next.js: 4.7s, proxy.ts: 6ms, application-code: 8.7s)
 HEAD / 200 in 13.3s (next.js: 4.6s, proxy.ts: 4ms, application-code: 8.7s)
 HEAD / 200 in 13.3s (next.js: 4.6s, proxy.ts: 4ms, application-code: 8.6s)
 HEAD / 200 in 13.1s (next.js: 4.5s, proxy.ts: 8ms, application-code: 8.6s)
 HEAD / 200 in 13.1s (next.js: 4.5s, proxy.ts: 4ms, application-code: 8.6s)
 HEAD / 200 in 13.0s (next.js: 4.4s, proxy.ts: 7ms, application-code: 8.6s)
 HEAD / 200 in 12.1s (next.js: 3.5s, proxy.ts: 9ms, application-code: 8.6s)
 HEAD / 200 in 12.4s (next.js: 3.8s, proxy.ts: 9ms, application-code: 8.6s)
 HEAD / 200 in 12.3s (next.js: 3.7s, proxy.ts: 4ms, application-code: 8.6s)
 HEAD / 200 in 12.3s (next.js: 3.7s, proxy.ts: 11ms, application-code: 8.6s)
 HEAD / 200 in 12.1s (next.js: 3.6s, proxy.ts: 6ms, application-code: 8.6s)
 HEAD / 200 in 12.0s (next.js: 3.5s, proxy.ts: 8ms, application-code: 8.5s)
 HEAD / 200 in 12.0s (next.js: 3.5s, proxy.ts: 5ms, application-code: 8.5s)
 HEAD / 200 in 11.9s (next.js: 3.4s, proxy.ts: 7ms, application-code: 8.5s)
 HEAD / 200 in 14.2s (next.js: 5.4s, proxy.ts: 375ms, application-code: 8.5s)
 HEAD / 200 in 14.2s (next.js: 5.4s, proxy.ts: 370ms, application-code: 8.5s)
 HEAD / 200 in 14.2s (next.js: 5.5s, proxy.ts: 215ms, application-code: 8.5s)
 HEAD / 200 in 14.2s (next.js: 5.6s, proxy.ts: 213ms, application-code: 8.5s)
 HEAD / 200 in 14.2s (next.js: 5.6s, proxy.ts: 208ms, application-code: 8.5s)
 HEAD / 200 in 14.2s (next.js: 5.4s, proxy.ts: 373ms, application-code: 8.5s)
 HEAD / 200 in 14.3s (next.js: 5.6s, proxy.ts: 217ms, application-code: 8.5s)
 HEAD / 200 in 11.9s (next.js: 3.4s, proxy.ts: 9ms, application-code: 8.4s)
 HEAD / 200 in 14.3s (next.js: 5.5s, proxy.ts: 345ms, application-code: 8.4s)
 HEAD / 200 in 14.3s (next.js: 5.5s, proxy.ts: 315ms, application-code: 8.4s)
 HEAD / 200 in 14.3s (next.js: 5.5s, proxy.ts: 320ms, application-code: 8.4s)
 HEAD / 200 in 14.3s (next.js: 5.5s, proxy.ts: 318ms, application-code: 8.4s)
 HEAD / 200 in 14.3s (next.js: 5.5s, proxy.ts: 323ms, application-code: 8.4s)
 HEAD / 200 in 14.3s (next.js: 5.5s, proxy.ts: 326ms, application-code: 8.4s)
 HEAD / 200 in 14.3s (next.js: 5.7s, proxy.ts: 226ms, application-code: 8.4s)
 HEAD / 200 in 14.3s (next.js: 5.6s, proxy.ts: 328ms, application-code: 8.4s)
 HEAD / 200 in 14.3s (next.js: 5.6s, proxy.ts: 329ms, application-code: 8.4s)
 HEAD / 200 in 14.3s (next.js: 5.6s, proxy.ts: 330ms, application-code: 8.3s)
 HEAD / 200 in 14.3s (next.js: 5.6s, proxy.ts: 327ms, application-code: 8.3s)
 HEAD / 200 in 14.3s (next.js: 5.6s, proxy.ts: 333ms, application-code: 8.3s)
 HEAD / 200 in 14.3s (next.js: 5.6s, proxy.ts: 334ms, application-code: 8.3s)
 HEAD / 200 in 14.3s (next.js: 5.6s, proxy.ts: 336ms, application-code: 8.3s)
 HEAD / 200 in 14.3s (next.js: 5.7s, proxy.ts: 294ms, application-code: 8.3s)
 HEAD / 200 in 14.3s (next.js: 5.6s, proxy.ts: 341ms, application-code: 8.3s)
 HEAD / 200 in 12.4s (next.js: 4.1s, proxy.ts: 7ms, application-code: 8.3s)
 HEAD / 200 in 14.3s (next.js: 5.7s, proxy.ts: 342ms, application-code: 8.3s)
 HEAD / 200 in 14.3s (next.js: 5.8s, proxy.ts: 316ms, application-code: 8.2s)
 HEAD / 200 in 14.3s (next.js: 5.8s, proxy.ts: 343ms, application-code: 8.2s)
 HEAD / 200 in 13.0s (next.js: 4.8s, proxy.ts: 6ms, application-code: 8.1s)
 HEAD / 200 in 14.3s (next.js: 5.8s, proxy.ts: 344ms, application-code: 8.1s)
 HEAD / 200 in 11.8s (next.js: 3.7s, proxy.ts: 4ms, application-code: 8.1s)
 HEAD / 200 in 11.7s (next.js: 3.6s, proxy.ts: 8ms, application-code: 8.1s)
 HEAD / 200 in 14.3s (next.js: 5.8s, proxy.ts: 362ms, application-code: 8.1s)
 HEAD / 200 in 11.7s (next.js: 3.6s, proxy.ts: 9ms, application-code: 8.1s)
 HEAD / 200 in 14.3s (next.js: 5.9s, proxy.ts: 347ms, application-code: 8.1s)
 HEAD / 200 in 14.3s (next.js: 5.9s, proxy.ts: 348ms, application-code: 8.0s)
 HEAD / 200 in 11.6s (next.js: 3.6s, proxy.ts: 4ms, application-code: 8.0s)
 HEAD / 200 in 14.3s (next.js: 5.9s, proxy.ts: 350ms, application-code: 8.0s)
 HEAD / 200 in 14.3s (next.js: 6.0s, proxy.ts: 352ms, application-code: 8.0s)
 HEAD / 200 in 11.6s (next.js: 3.6s, proxy.ts: 4ms, application-code: 8.0s)
 HEAD / 200 in 14.3s (next.js: 6.0s, proxy.ts: 354ms, application-code: 8.0s)
 HEAD / 200 in 11.5s (next.js: 3.5s, proxy.ts: 8ms, application-code: 7.9s)
 HEAD / 200 in 14.3s (next.js: 6.0s, proxy.ts: 358ms, application-code: 7.9s)
 HEAD / 200 in 14.3s (next.js: 6.1s, proxy.ts: 331ms, application-code: 7.9s)
 HEAD / 200 in 11.5s (next.js: 3.5s, proxy.ts: 10ms, application-code: 7.9s)
 HEAD / 200 in 14.3s (next.js: 6.1s, proxy.ts: 367ms, application-code: 7.9s)
 HEAD / 200 in 11.4s (next.js: 3.5s, proxy.ts: 5ms, application-code: 7.9s)
 HEAD / 200 in 14.3s (next.js: 6.1s, proxy.ts: 369ms, application-code: 7.9s)
 HEAD / 200 in 14.3s (next.js: 6.1s, proxy.ts: 338ms, application-code: 7.8s)
 HEAD / 200 in 14.3s (next.js: 6.1s, proxy.ts: 363ms, application-code: 7.8s)
 HEAD / 200 in 14.3s (next.js: 6.1s, proxy.ts: 364ms, application-code: 7.8s)
 HEAD / 200 in 14.3s (next.js: 6.2s, proxy.ts: 365ms, application-code: 7.8s)
 HEAD / 200 in 14.3s (next.js: 6.3s, proxy.ts: 233ms, application-code: 7.8s)
 HEAD / 200 in 14.3s (next.js: 6.2s, proxy.ts: 360ms, application-code: 7.8s)
 HEAD / 200 in 10.7s (next.js: 2.9s, proxy.ts: 5ms, application-code: 7.8s)
 HEAD / 200 in 10.6s (next.js: 2.9s, proxy.ts: 5ms, application-code: 7.7s)
 HEAD / 200 in 12.8s (next.js: 5.0s, proxy.ts: 6ms, application-code: 7.7s)
 HEAD / 200 in 12.9s (next.js: 5.2s, proxy.ts: 3ms, application-code: 7.7s)
 HEAD / 200 in 12.9s (next.js: 5.2s, proxy.ts: 5ms, application-code: 7.7s)
 HEAD / 200 in 13.0s (next.js: 5.3s, proxy.ts: 8ms, application-code: 7.7s)
 HEAD / 200 in 11.3s (next.js: 3.7s, proxy.ts: 13ms, application-code: 7.7s)
 HEAD / 200 in 12.8s (next.js: 5.1s, proxy.ts: 6ms, application-code: 7.7s)
 HEAD / 200 in 14.3s (next.js: 6.4s, proxy.ts: 299ms, application-code: 7.7s)
 HEAD / 200 in 11.2s (next.js: 3.6s, proxy.ts: 15ms, application-code: 7.6s)
 HEAD / 200 in 12.7s (next.js: 5.0s, proxy.ts: 6ms, application-code: 7.6s)
 HEAD / 200 in 11.2s (next.js: 3.6s, proxy.ts: 15ms, application-code: 7.6s)
 HEAD / 200 in 14.3s (next.js: 6.4s, proxy.ts: 300ms, application-code: 7.6s)
 HEAD / 200 in 11.1s (next.js: 3.5s, proxy.ts: 5ms, application-code: 7.6s)
 HEAD / 200 in 12.7s (next.js: 5.1s, proxy.ts: 8ms, application-code: 7.6s)
 HEAD / 200 in 11.1s (next.js: 3.5s, proxy.ts: 5ms, application-code: 7.6s)
 HEAD / 200 in 14.4s (next.js: 6.5s, proxy.ts: 302ms, application-code: 7.6s)
 HEAD / 200 in 14.4s (next.js: 6.6s, proxy.ts: 229ms, application-code: 7.6s)
 HEAD / 200 in 14.4s (next.js: 6.5s, proxy.ts: 290ms, application-code: 7.5s)
 HEAD / 200 in 14.4s (next.js: 6.5s, proxy.ts: 295ms, application-code: 7.5s)
 HEAD / 200 in 14.4s (next.js: 6.5s, proxy.ts: 304ms, application-code: 7.5s)
 HEAD / 200 in 14.4s (next.js: 6.6s, proxy.ts: 297ms, application-code: 7.5s)
 HEAD / 200 in 14.4s (next.js: 6.6s, proxy.ts: 282ms, application-code: 7.5s)
 HEAD / 200 in 14.4s (next.js: 6.6s, proxy.ts: 292ms, application-code: 7.5s)
 HEAD / 200 in 14.4s (next.js: 6.6s, proxy.ts: 296ms, application-code: 7.5s)
 HEAD / 200 in 10.8s (next.js: 3.3s, proxy.ts: 9ms, application-code: 7.5s)
 HEAD / 200 in 14.4s (next.js: 6.6s, proxy.ts: 298ms, application-code: 7.5s)
 HEAD / 200 in 14.4s (next.js: 6.6s, proxy.ts: 283ms, application-code: 7.4s)
 HEAD / 200 in 14.4s (next.js: 6.6s, proxy.ts: 308ms, application-code: 7.4s)
 HEAD / 200 in 14.4s (next.js: 6.6s, proxy.ts: 309ms, application-code: 7.4s)
 HEAD / 200 in 14.4s (next.js: 6.7s, proxy.ts: 310ms, application-code: 7.4s)
 HEAD / 200 in 14.4s (next.js: 6.7s, proxy.ts: 311ms, application-code: 7.4s)
 HEAD / 200 in 14.4s (next.js: 6.7s, proxy.ts: 287ms, application-code: 7.4s)
 HEAD / 200 in 14.4s (next.js: 6.7s, proxy.ts: 281ms, application-code: 7.4s)
 HEAD / 200 in 14.4s (next.js: 6.7s, proxy.ts: 306ms, application-code: 7.4s)
 HEAD / 200 in 14.4s (next.js: 6.7s, proxy.ts: 282ms, application-code: 7.4s)
 HEAD / 200 in 14.4s (next.js: 6.8s, proxy.ts: 280ms, application-code: 7.4s)
 HEAD / 200 in 11.9s (next.js: 4.6s, proxy.ts: 3ms, application-code: 7.3s)
 HEAD / 200 in 14.4s (next.js: 6.8s, proxy.ts: 284ms, application-code: 7.3s)
 HEAD / 200 in 14.4s (next.js: 6.8s, proxy.ts: 223ms, application-code: 7.3s)
 HEAD / 200 in 14.4s (next.js: 6.7s, proxy.ts: 411ms, application-code: 7.3s)
 HEAD / 200 in 5.0s (next.js: 976ms, proxy.ts: 3.6s, application-code: 394ms)
 HEAD / 200 in 5.0s (next.js: 990ms, proxy.ts: 3.6s, application-code: 418ms)
 HEAD / 200 in 4.9s (next.js: 1041ms, proxy.ts: 3.5s, application-code: 308ms)
 GET / 200 in 560ms (next.js: 127ms, proxy.ts: 60ms, application-code: 374ms)
 GET / 200 in 565ms (next.js: 145ms, proxy.ts: 62ms, application-code: 358ms)
 GET / 200 in 571ms (next.js: 175ms, proxy.ts: 57ms, application-code: 340ms)
 GET / 200 in 563ms (next.js: 179ms, proxy.ts: 62ms, application-code: 323ms)
 GET / 200 in 152ms (next.js: 22ms, proxy.ts: 15ms, application-code: 115ms)
 GET / 200 in 119ms (next.js: 17ms, proxy.ts: 6ms, application-code: 96ms)
[?25h
