⚠ The "middleware" file convention is deprecated. Please use "proxy" instead.

  To migrate automatically, run:
  npx @next/codemod@canary middleware-to-proxy .

  Learn more: https://nextjs.org/docs/messages/middleware-to-proxy
[browser] ReferenceError: SidebarSearch is not defined
    at Sidebar (components/editor/sidebar.tsx:334:14)
  332 |           {/* Search files */}
  333 |           <div className="mb-3 px-1">
> 334 |             <SidebarSearch fileTree={fileTree || { name: 'root', open: true, children: [] }} onFileChange={onFileChange} />
      |              ^
  335 |           </div>
  336 |
  337 |           {/* Nested file tree */} (app/error.tsx:14:13)
[browser] ReferenceError: SidebarSearch is not defined
    at Sidebar (components/editor/sidebar.tsx:334:14)
  332 |           {/* Search files */}
  333 |           <div className="mb-3 px-1">
> 334 |             <SidebarSearch fileTree={fileTree || { name: 'root', open: true, children: [] }} onFileChange={onFileChange} />
      |              ^
  335 |           </div>
  336 |
  337 |           {/* Nested file tree */} (app/error.tsx:14:13)
[browser] ReferenceError: FolderOpen is not defined
    at EditorShell (components/editor-shell.tsx:343:12)
  341 |       <div className="flex h-12 items-center justify-around border-t border-border bg-card/80 backdrop-blur-sm md:hidden">
  342 |         <button onClick={() => setMobileSheet('sidebar')} className="flex flex-col items-center gap-0.5 text-muted-foreground hover:text-foreground p-2">
> 343 |           <FolderOpen className="size-4" />
      |            ^
  344 |           <span className="text-[9px]">Files</span>
  345 |         </button>
  346 |         <button onClick={() => setFileSearchOpen(true)} className="flex flex-col items-center gap-0.5 text-muted-foreground hover:text-foreground p-2"> (app/error.tsx:14:13)
[browser] ReferenceError: FolderOpen is not defined
    at EditorShell (components/editor-shell.tsx:343:12)
  341 |       <div className="flex h-12 items-center justify-around border-t border-border bg-card/80 backdrop-blur-sm md:hidden">
  342 |         <button onClick={() => setMobileSheet('sidebar')} className="flex flex-col items-center gap-0.5 text-muted-foreground hover:text-foreground p-2">
> 343 |           <FolderOpen className="size-4" />
      |            ^
  344 |           <span className="text-[9px]">Files</span>
  345 |         </button>
  346 |         <button onClick={() => setFileSearchOpen(true)} className="flex flex-col items-center gap-0.5 text-muted-foreground hover:text-foreground p-2"> (app/error.tsx:14:13)
[browser] ReferenceError: GitBranch is not defined
    at EditorShell (components/editor-shell.tsx:271:14)
  269 |           <Separator orientation="vertical" className="mx-1 h-4" />
  270 |           <Button variant="ghost" size="icon-sm" onClick={() => setGitOpen(!gitOpen)} className="relative">
> 271 |             <GitBranch className="size-3.5" />
      |              ^
  272 |             {(git.stageCount + git.unstageCount) > 0 && (
  273 |               <span className="absolute -top-1 -right-1 size-3.5 rounded-full bg-primary text-[8px] font-bold text-primary-foreground flex items-center justify-center">
  274 |                 {git.stageCount + git.unstageCount} (app/error.tsx:14:13)
[browser] ReferenceError: GitBranch is not defined
    at EditorShell (components/editor-shell.tsx:271:14)
  269 |           <Separator orientation="vertical" className="mx-1 h-4" />
  270 |           <Button variant="ghost" size="icon-sm" onClick={() => setGitOpen(!gitOpen)} className="relative">
> 271 |             <GitBranch className="size-3.5" />
      |              ^
  272 |             {(git.stageCount + git.unstageCount) > 0 && (
  273 |               <span className="absolute -top-1 -right-1 size-3.5 rounded-full bg-primary text-[8px] font-bold text-primary-foreground flex items-center justify-center">
  274 |                 {git.stageCount + git.unstageCount} (app/error.tsx:14:13)
[browser] ReferenceError: GitBranch is not defined
    at EditorShell (components/editor-shell.tsx:271:14)
  269 |           <Separator orientation="vertical" className="mx-1 h-4" />
  270 |           <Button variant="ghost" size="icon-sm" onClick={() => setGitOpen(!gitOpen)} className="relative">
> 271 |             <GitBranch className="size-3.5" />
      |              ^
  272 |             {(git.stageCount + git.unstageCount) > 0 && (
  273 |               <span className="absolute -top-1 -right-1 size-3.5 rounded-full bg-primary text-[8px] font-bold text-primary-foreground flex items-center justify-center">
  274 |                 {git.stageCount + git.unstageCount} (app/error.tsx:14:13)
[browser] ReferenceError: GitBranch is not defined
    at EditorShell (components/editor-shell.tsx:271:14)
  269 |           <Separator orientation="vertical" className="mx-1 h-4" />
  270 |           <Button variant="ghost" size="icon-sm" onClick={() => setGitOpen(!gitOpen)} className="relative">
> 271 |             <GitBranch className="size-3.5" />
      |              ^
  272 |             {(git.stageCount + git.unstageCount) > 0 && (
  273 |               <span className="absolute -top-1 -right-1 size-3.5 rounded-full bg-primary text-[8px] font-bold text-primary-foreground flex items-center justify-center">
  274 |                 {git.stageCount + git.unstageCount} (app/error.tsx:14:13)
[browser] WARNING: Panel id and order props recommended when panels are dynamically rendered
[browser] WARNING: Panel id and order props recommended when panels are dynamically rendered
Turbopack build encountered 1 error:
./app
Error: Could not find the Next.js package (next/package.json)
Resolved from: C:\Users\ernes\Downloads\collaborative-code-editor\app
Filesystem root used for resolution: C:\Users\ernes\Downloads\collaborative-code-editor

Possible causes:
  - node_modules is being reorganized by a concurrent install (e.g. pnpm adding a package with a `next` peer dependency). This is transient and should clear once the install completes.
  - node_modules/next was removed, renamed, or has a broken symlink.
  - The workspace root is incorrect — see turbopack.root in the Next.js config docs for how to configure it.
  - In a monorepo, the Next.js package may only exist in a directory above the closest directory containing a package manager lockfile. The workspace root is detected by locating the nearest package manager lockfile.
  - Next.js is installed globally rather than as a project dependency. This is not supported; install it locally.

Note: To ensure a hermetic build and a portable cache, files outside of the workspace root are not compiled.

https://nextjs.org/docs/app/api-reference/config/next-config-js/turbopack#root-directory



-----
[1m[31mFATAL[39m[0m: An unexpected Turbopack error occurred. A panic log has been written to C:\Users\ernes\AppData\Local\Temp\next-panic-b7efd9cba6e35295413aa4c39341693a.log.

To help make Turbopack better, report this error by clicking here: https://bugs.nextjs.org/search?category=turbopack-error-report&title=Turbopack%20Error%3A%20Failed%20to%20write%20app%20endpoint%20%2Feditor%2Fpage&body=Turbopack%20version%3A%20%60d73f5622%60%0ANext.js%20version%3A%20%600.0.0%60%0A%0AError%20message%3A%0A%60%60%60%0AFailed%20to%20write%20app%20endpoint%20%2Feditor%2Fpage%0A%0ACaused%20by%3A%0A-%20Next.js%20package%20not%20found%0A%0ADebug%20info%3A%0A-%20Execution%20of%20hmr_update_with_issues_operation%20failed%0A-%20Execution%20of%20Project%3A%3Ahmr_update%20failed%0A-%20Execution%20of%20VersionedContentMap%3A%3Aget%20failed%0A-%20Execution%20of%20VersionedContentMap%3A%3Aget_asset%20failed%0A-%20Execution%20of%20VersionedContentMap%3A%3Acompute_entry%20failed%0A-%20Execution%20of%20%2Aemit_assets%20failed%0A-%20Execution%20of%20all_assets_from_entries_operation%20failed%0A-%20Execution%20of%20%2Aall_assets_from_entries%20failed%0A-%20Execution%20of%20endpoint_output_assets_operation%20failed%0A-%20Execution%20of%20%3CAppEndpoint%20as%20Endpoint%3E%3A%3Aoutput%20failed%0A-%20Failed%20to%20write%20app%20endpoint%20%2Feditor%2Fpage%0A-%20Execution%20of%20%2Aall_asset_paths%20failed%0A-%20Execution%20of%20%2AAppEndpointOutput%3A%3Aoutput_assets%20failed%0A-%20Execution%20of%20AppEndpoint%3A%3Aoutput%20failed%0A-%20Execution%20of%20AppEndpoint%3A%3Aapp_page_entry%20failed%0A-%20Execution%20of%20%2Aget_app_page_entry%20failed%0A-%20Execution%20of%20AppProject%3A%3Arsc_module_context%20failed%0A-%20Execution%20of%20%2AModuleAssetContext%3A%3Anew%20failed%0A-%20Execution%20of%20%2AAppProject%3A%3Aget_rsc_transitions%20failed%0A-%20Execution%20of%20AppProject%3A%3Aecmascript_client_reference_transition%20failed%0A-%20Execution%20of%20%2ANextEcmascriptClientReferenceTransition%3A%3Anew%20failed%0A-%20Execution%20of%20AppProject%3A%3Aclient_transition%20failed%0A-%20Execution%20of%20%2AFullContextTransition%3A%3Anew%20failed%0A-%20Execution%20of%20AppProject%3A%3Aclient_module_context%20failed%0A-%20Execution%20of%20%2AModuleAssetContext%3A%3Anew%20failed%0A-%20Execution%20of%20get_client_module_options_context%20failed%0A-%20Execution%20of%20%2Aget_jsx_transform_options%20failed%0A-%20Execution%20of%20get_client_resolve_options_context%20failed%0A-%20Execution%20of%20get_next_client_import_map%20failed%0A-%20Next.js%20package%20not%20found%0A%60%60%60&labels=Turbopack,Turbopack%20Panic%20Backtrace
-----

⨯ ./app
Error: Could not find the Next.js package (next/package.json)
Resolved from: C:\Users\ernes\Downloads\collaborative-code-editor\app
Filesystem root used for resolution: C:\Users\ernes\Downloads\collaborative-code-editor

Possible causes:
  - node_modules is being reorganized by a concurrent install (e.g. pnpm adding a package with a `next` peer dependency). This is transient and should clear once the install completes.
  - node_modules/next was removed, renamed, or has a broken symlink.
  - The workspace root is incorrect — see turbopack.root in the Next.js config docs for how to configure it.
  - In a monorepo, the Next.js package may only exist in a directory above the closest directory containing a package manager lockfile. The workspace root is detected by locating the nearest package manager lockfile.
  - Next.js is installed globally rather than as a project dependency. This is not supported; install it locally.

Note: To ensure a hermetic build and a portable cache, files outside of the workspace root are not compiled.

https://nextjs.org/docs/app/api-reference/config/next-config-js/turbopack#root-directory


⨯ ./app
Error: Could not find the Next.js package (next/package.json)
Resolved from: C:\Users\ernes\Downloads\collaborative-code-editor\app
Filesystem root used for resolution: C:\Users\ernes\Downloads\collaborative-code-editor

Possible causes:
  - node_modules is being reorganized by a concurrent install (e.g. pnpm adding a package with a `next` peer dependency). This is transient and should clear once the install completes.
  - node_modules/next was removed, renamed, or has a broken symlink.
  - The workspace root is incorrect — see turbopack.root in the Next.js config docs for how to configure it.
  - In a monorepo, the Next.js package may only exist in a directory above the closest directory containing a package manager lockfile. The workspace root is detected by locating the nearest package manager lockfile.
  - Next.js is installed globally rather than as a project dependency. This is not supported; install it locally.

Note: To ensure a hermetic build and a portable cache, files outside of the workspace root are not compiled.

https://nextjs.org/docs/app/api-reference/config/next-config-js/turbopack#root-directory


Error [ModuleBuildError]: ./app
Error: Could not find the Next.js package (next/package.json)
Resolved from: C:\Users\ernes\Downloads\collaborative-code-editor\app
Filesystem root used for resolution: C:\Users\ernes\Downloads\collaborative-code-editor

Possible causes:
  - node_modules is being reorganized by a concurrent install (e.g. pnpm adding a package with a `next` peer dependency). This is transient and should clear once the install completes.
  - node_modules/next was removed, renamed, or has a broken symlink.
  - The workspace root is incorrect — see turbopack.root in the Next.js config docs for how to configure it.
  - In a monorepo, the Next.js package may only exist in a directory above the closest directory containing a package manager lockfile. The workspace root is detected by locating the nearest package manager lockfile.
  - Next.js is installed globally rather than as a project dependency. This is not supported; install it locally.

Note: To ensure a hermetic build and a portable cache, files outside of the workspace root are not compiled.

https://nextjs.org/docs/app/api-reference/config/next-config-js/turbopack#root-directory


    at <unknown> (Filesystem root used for resolution: C:\Users\ernes\Downloads\collaborative-code-editor)
    at <unknown> (https://nextjs.org/docs/app/api-reference/config/next-config-js/turbopack#root-directory)
Error [ModuleBuildError]: ./app
Error: Could not find the Next.js package (next/package.json)
Resolved from: C:\Users\ernes\Downloads\collaborative-code-editor\app
Filesystem root used for resolution: C:\Users\ernes\Downloads\collaborative-code-editor

Possible causes:
  - node_modules is being reorganized by a concurrent install (e.g. pnpm adding a package with a `next` peer dependency). This is transient and should clear once the install completes.
  - node_modules/next was removed, renamed, or has a broken symlink.
  - The workspace root is incorrect — see turbopack.root in the Next.js config docs for how to configure it.
  - In a monorepo, the Next.js package may only exist in a directory above the closest directory containing a package manager lockfile. The workspace root is detected by locating the nearest package manager lockfile.
  - Next.js is installed globally rather than as a project dependency. This is not supported; install it locally.

Note: To ensure a hermetic build and a portable cache, files outside of the workspace root are not compiled.

https://nextjs.org/docs/app/api-reference/config/next-config-js/turbopack#root-directory


    at <unknown> (Filesystem root used for resolution: C:\Users\ernes\Downloads\collaborative-code-editor)
    at <unknown> (https://nextjs.org/docs/app/api-reference/config/next-config-js/turbopack#root-directory)
Error: ENOENT: no such file or directory, open 'C:\Users\ernes\Downloads\collaborative-code-editor\.next\dev\server\pages\_app\build-manifest.json'
    at ignore-listed frames {
  errno: -4058,
  code: 'ENOENT',
  syscall: 'open',
  path: 'C:\\Users\\ernes\\Downloads\\collaborative-code-editor\\.next\\dev\\server\\pages\\_app\\build-manifest.json'
}
Error: ENOENT: no such file or directory, open 'C:\Users\ernes\Downloads\collaborative-code-editor\.next\dev\server\pages\_app\build-manifest.json'
    at ignore-listed frames {
  errno: -4058,
  code: 'ENOENT',
  syscall: 'open',
  path: 'C:\\Users\\ernes\\Downloads\\collaborative-code-editor\\.next\\dev\\server\\pages\\_app\\build-manifest.json'
}
